2026-03-26 15:27:14,427 - dashboard - INFO - Login-Versuch für Benutzer: admin
2026-03-26 15:27:14,489 - dashboard - INFO - Login erfolgreich: admin
2026-03-26 16:35:33,585 - dashboard - INFO - Login-Versuch für Benutzer: admin
2026-03-26 16:35:33,647 - dashboard - INFO - Login erfolgreich: admin
2026-03-26 16:35:50,794 - dashboard - INFO - Login-Versuch für Benutzer: testuser
2026-03-26 16:35:50,859 - dashboard - WARNING - Login fehlgeschlagen: Ungültiges Passwort für testuser
2026-03-26 16:35:57,944 - dashboard - INFO - Login-Versuch für Benutzer: user
2026-03-26 16:35:57,947 - dashboard - WARNING - Login fehlgeschlagen: Benutzer user nicht gefunden
2026-03-26 16:35:59,908 - dashboard - INFO - Login-Versuch für Benutzer: user
2026-03-26 16:35:59,911 - dashboard - WARNING - Login fehlgeschlagen: Benutzer user nicht gefunden
2026-03-26 16:36:02,525 - dashboard - INFO - Login-Versuch für Benutzer: testuser
2026-03-26 16:36:02,587 - dashboard - WARNING - Login fehlgeschlagen: Ungültiges Passwort für testuser
2026-03-26 16:36:03,072 - dashboard - INFO - Login-Versuch für Benutzer: testuser
2026-03-26 16:36:03,121 - dashboard - WARNING - Login fehlgeschlagen: Ungültiges Passwort für testuser
2026-03-26 16:36:03,230 - dashboard - INFO - Login-Versuch für Benutzer: testuser
2026-03-26 16:36:03,279 - dashboard - WARNING - Login fehlgeschlagen: Ungültiges Passwort für testuser
2026-03-26 16:36:09,838 - dashboard - INFO - Login-Versuch für Benutzer: admin
2026-03-26 16:36:09,903 - dashboard - INFO - Login erfolgreich: admin
2026-03-26 16:36:30,145 - dashboard - INFO - Login-Versuch für Benutzer: testuser
2026-03-26 16:36:30,207 - dashboard - INFO - Login erfolgreich: testuser
2026-03-26 16:36:34,747 - dashboard - INFO - Login-Versuch für Benutzer: testuser
2026-03-26 16:36:34,810 - dashboard - INFO - Login erfolgreich: testuser
2026-03-26 16:36:40,021 - dashboard - INFO - Login-Versuch für Benutzer: admin
2026-03-26 16:36:40,082 - dashboard - INFO - Login erfolgreich: admin
